// Jest Snapshot v1, https://goo.gl/fbAQLP

exports[`Details Component displays detailed card data correctly 1`] = `
{
  "asFragment": [Function],
  "baseElement": <body>
    <div>
      <aside
        class="root"
      >
        <div
          class="overlay"
        />
        <div
          class="container"
        >
          <button
            class="root close"
            type="button"
          >
            Close
          </button>
          <div
            class="root detailed"
            role="listitem"
          >
            <div
              class="wrapper"
              style="background-color: rgb(66, 110, 107);"
            >
              <img
                alt="Scenic View of Lake in Forest"
                class="image"
                data-nimg="1"
                decoding="async"
                fetchpriority="high"
                height="2704"
                src="/_next/image?url=https%3A%2F%2Fimages.pexels.com%2Fphotos%2F247600%2Fpexels-photo-247600.jpeg%3Fauto%3Dcompress%26cs%3Dtinysrgb%26dpr%3D2%26h%3D650%26w%3D940&w=3840&q=75"
                srcset="/_next/image?url=https%3A%2F%2Fimages.pexels.com%2Fphotos%2F247600%2Fpexels-photo-247600.jpeg%3Fauto%3Dcompress%26cs%3Dtinysrgb%26dpr%3D2%26h%3D650%26w%3D940&w=3840&q=75 1x"
                style="color: transparent;"
                width="4288"
              />
            </div>
            <div
              class="content"
            >
              <p
                class="description"
              >
                Scenic View of Lake in Forest
              </p>
              <a
                href="https://www.pexels.com/@pixabay"
                rel="noopener noreferrer"
                target="_blank"
              >
                <h2
                  class="title"
                >
                  Pixabay
                </h2>
              </a>
            </div>
          </div>
        </div>
      </aside>
    </div>
  </body>,
  "container": <div>
    <aside
      class="root"
    >
      <div
        class="overlay"
      />
      <div
        class="container"
      >
        <button
          class="root close"
          type="button"
        >
          Close
        </button>
        <div
          class="root detailed"
          role="listitem"
        >
          <div
            class="wrapper"
            style="background-color: rgb(66, 110, 107);"
          >
            <img
              alt="Scenic View of Lake in Forest"
              class="image"
              data-nimg="1"
              decoding="async"
              fetchpriority="high"
              height="2704"
              src="/_next/image?url=https%3A%2F%2Fimages.pexels.com%2Fphotos%2F247600%2Fpexels-photo-247600.jpeg%3Fauto%3Dcompress%26cs%3Dtinysrgb%26dpr%3D2%26h%3D650%26w%3D940&w=3840&q=75"
              srcset="/_next/image?url=https%3A%2F%2Fimages.pexels.com%2Fphotos%2F247600%2Fpexels-photo-247600.jpeg%3Fauto%3Dcompress%26cs%3Dtinysrgb%26dpr%3D2%26h%3D650%26w%3D940&w=3840&q=75 1x"
              style="color: transparent;"
              width="4288"
            />
          </div>
          <div
            class="content"
          >
            <p
              class="description"
            >
              Scenic View of Lake in Forest
            </p>
            <a
              href="https://www.pexels.com/@pixabay"
              rel="noopener noreferrer"
              target="_blank"
            >
              <h2
                class="title"
              >
                Pixabay
              </h2>
            </a>
          </div>
        </div>
      </div>
    </aside>
  </div>,
  "debug": [Function],
  "findAllByAltText": [Function],
  "findAllByDisplayValue": [Function],
  "findAllByLabelText": [Function],
  "findAllByPlaceholderText": [Function],
  "findAllByRole": [Function],
  "findAllByTestId": [Function],
  "findAllByText": [Function],
  "findAllByTitle": [Function],
  "findByAltText": [Function],
  "findByDisplayValue": [Function],
  "findByLabelText": [Function],
  "findByPlaceholderText": [Function],
  "findByRole": [Function],
  "findByTestId": [Function],
  "findByText": [Function],
  "findByTitle": [Function],
  "getAllByAltText": [Function],
  "getAllByDisplayValue": [Function],
  "getAllByLabelText": [Function],
  "getAllByPlaceholderText": [Function],
  "getAllByRole": [Function],
  "getAllByTestId": [Function],
  "getAllByText": [Function],
  "getAllByTitle": [Function],
  "getByAltText": [Function],
  "getByDisplayValue": [Function],
  "getByLabelText": [Function],
  "getByPlaceholderText": [Function],
  "getByRole": [Function],
  "getByTestId": [Function],
  "getByText": [Function],
  "getByTitle": [Function],
  "queryAllByAltText": [Function],
  "queryAllByDisplayValue": [Function],
  "queryAllByLabelText": [Function],
  "queryAllByPlaceholderText": [Function],
  "queryAllByRole": [Function],
  "queryAllByTestId": [Function],
  "queryAllByText": [Function],
  "queryAllByTitle": [Function],
  "queryByAltText": [Function],
  "queryByDisplayValue": [Function],
  "queryByLabelText": [Function],
  "queryByPlaceholderText": [Function],
  "queryByRole": [Function],
  "queryByTestId": [Function],
  "queryByText": [Function],
  "queryByTitle": [Function],
  "rerender": [Function],
  "unmount": [Function],
}
`;
